2025-02-28T12:39:37.845+01:00  INFO 16400 --- [main] com.bank.BankApplication                 : Starting BankApplication using Java 17.0.11 with PID 16400 (C:\Users\vveeroju\Desktop\workbench\Venkatesh\bank\target\classes started by vveeroju in C:\Users\vveeroju\Desktop\workbench\Venkatesh\bank)
2025-02-28T12:39:37.876+01:00  INFO 16400 --- [main] com.bank.BankApplication                 : No active profile set, falling back to 1 default profile: "default"
2025-02-28T12:39:43.473+01:00  INFO 16400 --- [main] .s.d.r.c.RepositoryConfigurationDelegate : Bootstrapping Spring Data JPA repositories in DEFAULT mode.
2025-02-28T12:39:43.857+01:00  INFO 16400 --- [main] .s.d.r.c.RepositoryConfigurationDelegate : Finished Spring Data repository scanning in 349 ms. Found 6 JPA repository interfaces.
2025-02-28T12:39:46.798+01:00  INFO 16400 --- [main] o.s.b.w.embedded.tomcat.TomcatWebServer  : Tomcat initialized with port 8080 (http)
2025-02-28T12:39:46.833+01:00  INFO 16400 --- [main] o.apache.catalina.core.StandardService   : Starting service [Tomcat]
2025-02-28T12:39:46.835+01:00  INFO 16400 --- [main] o.apache.catalina.core.StandardEngine    : Starting Servlet engine: [Apache Tomcat/10.1.26]
2025-02-28T12:39:47.104+01:00  INFO 16400 --- [main] o.a.c.c.C.[Tomcat].[localhost].[/]       : Initializing Spring embedded WebApplicationContext
2025-02-28T12:39:47.105+01:00  INFO 16400 --- [main] w.s.c.ServletWebServerApplicationContext : Root WebApplicationContext: initialization completed in 8992 ms
2025-02-28T12:39:47.593+01:00 DEBUG 16400 --- [main] o.s.w.f.ServerHttpObservationFilter      : Filter 'webMvcObservationFilter' configured for use
2025-02-28T12:39:48.611+01:00  INFO 16400 --- [main] o.s.o.j.p.SpringPersistenceUnitInfo      : No LoadTimeWeaver setup: ignoring JPA class transformer
2025-02-28T12:39:48.663+01:00  INFO 16400 --- [main] com.zaxxer.hikari.HikariDataSource       : HikariPool-1 - Starting...
2025-02-28T12:39:49.329+01:00  INFO 16400 --- [main] com.zaxxer.hikari.pool.HikariPool        : HikariPool-1 - Added connection conn1: url=jdbc:h2:file:C:/Users/vveeroju/Desktop/workbench/data/bankdb user=ADMIN
2025-02-28T12:39:49.333+01:00  INFO 16400 --- [main] com.zaxxer.hikari.HikariDataSource       : HikariPool-1 - Start completed.
2025-02-28T12:39:52.388+01:00  INFO 16400 --- [main] j.LocalContainerEntityManagerFactoryBean : Initialized JPA EntityManagerFactory for persistence unit 'default'
2025-02-28T12:39:53.126+01:00  INFO 16400 --- [main] o.s.d.j.r.query.QueryEnhancerFactory     : Hibernate is in classpath; If applicable, HQL parser will be used.
2025-02-28T12:39:54.290+01:00  WARN 16400 --- [main] JpaBaseConfiguration$JpaWebConfiguration : spring.jpa.open-in-view is enabled by default. Therefore, database queries may be performed during view rendering. Explicitly configure spring.jpa.open-in-view to disable this warning
2025-02-28T12:39:55.246+01:00 DEBUG 16400 --- [main] s.w.s.m.m.a.RequestMappingHandlerMapping : 22 mappings in 'requestMappingHandlerMapping'
2025-02-28T12:39:55.557+01:00 DEBUG 16400 --- [main] o.s.w.s.handler.SimpleUrlHandlerMapping  : Patterns [/webjars/**, /**, /swagger-ui*/*swagger-initializer.js, /swagger-ui*/**] in 'resourceHandlerMapping'
2025-02-28T12:39:55.781+01:00  INFO 16400 --- [main] o.s.b.a.e.web.EndpointLinksResolver      : Exposing 1 endpoint(s) beneath base path '/actuator'
2025-02-28T12:39:55.926+01:00  INFO 16400 --- [main] o.s.s.web.DefaultSecurityFilterChain     : Will secure Or [Mvc [pattern='/**']] with [org.springframework.security.web.session.DisableEncodeUrlFilter@37ddb835, org.springframework.security.web.context.request.async.WebAsyncManagerIntegrationFilter@42b4cce1, org.springframework.security.web.context.SecurityContextHolderFilter@28bf7bea, org.springframework.security.web.header.HeaderWriterFilter@2de3ac17, org.springframework.security.web.authentication.logout.LogoutFilter@179af25f, com.bank.security.JwtAuthenticationFilter@7185e611, org.springframework.security.web.savedrequest.RequestCacheAwareFilter@28993a77, org.springframework.security.web.servletapi.SecurityContextHolderAwareRequestFilter@764bf20d, org.springframework.security.web.authentication.AnonymousAuthenticationFilter@67f8586f, org.springframework.security.web.session.SessionManagementFilter@3f6f26cb, org.springframework.security.web.access.ExceptionTranslationFilter@4ed761dc, org.springframework.security.web.access.intercept.AuthorizationFilter@355e1080]
2025-02-28T12:39:56.216+01:00 DEBUG 16400 --- [main] s.w.s.m.m.a.RequestMappingHandlerAdapter : ControllerAdvice beans: 0 @ModelAttribute, 0 @InitBinder, 1 RequestBodyAdvice, 1 ResponseBodyAdvice
2025-02-28T12:39:56.377+01:00 DEBUG 16400 --- [main] .m.m.a.ExceptionHandlerExceptionResolver : ControllerAdvice beans: 2 @ExceptionHandler, 1 ResponseBodyAdvice
2025-02-28T12:39:57.912+01:00  INFO 16400 --- [main] o.s.b.w.embedded.tomcat.TomcatWebServer  : Tomcat started on port 8080 (http) with context path ''
2025-02-28T12:39:58.546+01:00  INFO 16400 --- [main] com.bank.BankApplication                 : Started BankApplication in 24.084 seconds (process running for 26.144)
2025-02-28T12:40:19.188+01:00  INFO 16400 --- [http-nio-8080-exec-2] o.a.c.c.C.[Tomcat].[localhost].[/]       : Initializing Spring DispatcherServlet 'dispatcherServlet'
2025-02-28T12:40:19.189+01:00  INFO 16400 --- [http-nio-8080-exec-2] o.s.web.servlet.DispatcherServlet        : Initializing Servlet 'dispatcherServlet'
2025-02-28T12:40:19.190+01:00 DEBUG 16400 --- [http-nio-8080-exec-2] o.s.web.servlet.DispatcherServlet        : Detected StandardServletMultipartResolver
2025-02-28T12:40:19.191+01:00 DEBUG 16400 --- [http-nio-8080-exec-2] o.s.web.servlet.DispatcherServlet        : Detected AcceptHeaderLocaleResolver
2025-02-28T12:40:19.191+01:00 DEBUG 16400 --- [http-nio-8080-exec-2] o.s.web.servlet.DispatcherServlet        : Detected FixedThemeResolver
2025-02-28T12:40:19.194+01:00 DEBUG 16400 --- [http-nio-8080-exec-2] o.s.web.servlet.DispatcherServlet        : Detected org.springframework.web.servlet.view.DefaultRequestToViewNameTranslator@7eaa52d6
2025-02-28T12:40:19.196+01:00 DEBUG 16400 --- [http-nio-8080-exec-2] o.s.web.servlet.DispatcherServlet        : Detected org.springframework.web.servlet.support.SessionFlashMapManager@2d839402
2025-02-28T12:40:19.197+01:00 DEBUG 16400 --- [http-nio-8080-exec-2] o.s.web.servlet.DispatcherServlet        : enableLoggingRequestDetails='false': request parameters and headers will be masked to prevent unsafe logging of potentially sensitive data
2025-02-28T12:40:19.198+01:00  INFO 16400 --- [http-nio-8080-exec-2] o.s.web.servlet.DispatcherServlet        : Completed initialization in 7 ms
2025-02-28T12:40:19.358+01:00 DEBUG 16400 --- [http-nio-8080-exec-2] o.s.web.servlet.DispatcherServlet        : GET "/api/v1/user/weee001001", parameters={}
2025-02-28T12:40:19.367+01:00 DEBUG 16400 --- [http-nio-8080-exec-2] s.w.s.m.m.a.RequestMappingHandlerMapping : Mapped to com.bank.controller.UserController#userId(String)
2025-02-28T12:40:19.595+01:00 DEBUG 16400 --- [http-nio-8080-exec-2] o.s.w.s.m.m.a.HttpEntityMethodProcessor  : Using 'application/json', given [*/*] and supported [application/json]
2025-02-28T12:40:19.715+01:00 DEBUG 16400 --- [http-nio-8080-exec-2] o.s.w.s.m.m.a.HttpEntityMethodProcessor  : Writing [class UserInfo {<EOL>    name: Admin<EOL>    email: admin@gmail.com<EOL>    address: class AddressM {<EOL>        st (truncated)...]
2025-02-28T12:40:19.763+01:00 DEBUG 16400 --- [http-nio-8080-exec-2] o.s.web.servlet.DispatcherServlet        : Completed 200 OK
2025-02-28T12:40:25.865+01:00  INFO 16400 --- [SpringApplicationShutdownHook] j.LocalContainerEntityManagerFactoryBean : Closing JPA EntityManagerFactory for persistence unit 'default'
2025-02-28T12:40:25.882+01:00  INFO 16400 --- [SpringApplicationShutdownHook] com.zaxxer.hikari.HikariDataSource       : HikariPool-1 - Shutdown initiated...
2025-02-28T12:40:25.888+01:00  INFO 16400 --- [SpringApplicationShutdownHook] com.zaxxer.hikari.HikariDataSource       : HikariPool-1 - Shutdown completed.
